// Jest Snapshot v1, https://goo.gl/fbAQLP

exports[`CveModal.js Should match the snapshots 1`] = `<DocumentFragment />`;
