// Jest Snapshot v1, https://goo.gl/fbAQLP

exports[`UnassignSystemsModal should match the snapshots 1`] = `<DocumentFragment />`;
