// Jest Snapshot v1, https://goo.gl/fbAQLP

exports[`AdvisorySystems.js Should open remediation modal 1`] = `
<AsyncRemediationButton
  isDisabled={false}
  remediationProvider={[Function]}
/>
`;
