// Jest Snapshot v1, https://goo.gl/fbAQLP

exports[`InfoBox Should match to snapshots 1`] = `
<DocumentFragment>
  <div
    class="pf-l-split pf-m-gutter infobox"
  >
    <div
      class="pf-l-split__item"
    >
      <div
        class="pf-l-bullseye"
      >
        testContent
      </div>
    </div>
    <div
      class="pf-l-split__item pf-m-fill"
    >
      <div
        class="pf-c-content"
      >
        <h6
          class=""
          data-ouia-component-id="OUIA-Generated-Text-1"
          data-ouia-component-type="PF4/Text"
          data-ouia-safe="true"
          data-pf-content="true"
        >
          testTitle
        </h6>
        <p
          class=""
          data-ouia-component-id="OUIA-Generated-Text-2"
          data-ouia-component-type="PF4/Text"
          data-ouia-safe="true"
          data-pf-content="true"
        >
          testText
        </p>
      </div>
    </div>
  </div>
</DocumentFragment>
`;
