// Jest Snapshot v1, https://goo.gl/fbAQLP

exports[`Label.js Should match the snapshot 1`] = `
<DocumentFragment>
  <span
    class="patchman-label"
  />
</DocumentFragment>
`;
